Archive member included because of file (symbol)

c:/program files (x86)/atmel/atmel toolchain/avr8 gcc/native/3.4.1061/avr8-gnu-toolchain/bin/../lib/gcc/avr/4.8.1/avr4\libgcc.a(_exit.o)
                              c:/program files (x86)/atmel/atmel toolchain/avr8 gcc/native/3.4.1061/avr8-gnu-toolchain/bin/../lib/gcc/avr/4.8.1/../../../../avr/lib/avr4/crtm8.o (exit)

Discarded input sections

 .data          0x00000000        0x0 c:/program files (x86)/atmel/atmel toolchain/avr8 gcc/native/3.4.1061/avr8-gnu-toolchain/bin/../lib/gcc/avr/4.8.1/../../../../avr/lib/avr4/crtm8.o
 .bss           0x00000000        0x0 c:/program files (x86)/atmel/atmel toolchain/avr8 gcc/native/3.4.1061/avr8-gnu-toolchain/bin/../lib/gcc/avr/4.8.1/../../../../avr/lib/avr4/crtm8.o
 .text          0x00000000        0x0 accelerometer.o
 .data          0x00000000        0x0 accelerometer.o
 .bss           0x00000000        0x0 accelerometer.o
 .text          0x00000000        0x0 acc_wheel_chair.o
 .data          0x00000000        0x0 acc_wheel_chair.o
 .bss           0x00000000        0x0 acc_wheel_chair.o
 .text          0x00000000        0x0 lcd.o
 .data          0x00000000        0x0 lcd.o
 .bss           0x00000000        0x0 lcd.o
 .text.toggle_e
                0x00000000        0x8 lcd.o
 .text.lcd_write
                0x00000000       0x3a lcd.o
 .text.lcd_read
                0x00000000       0x2e lcd.o
 .text.lcd_waitbusy
                0x00000000       0x12 lcd.o
 .text.lcd_command
                0x00000000       0x10 lcd.o
 .text.lcd_data
                0x00000000       0x10 lcd.o
 .text.lcd_gotoxy
                0x00000000       0x10 lcd.o
 .text.lcd_getxy
                0x00000000        0x6 lcd.o
 .text.lcd_clrscr
                0x00000000        0x6 lcd.o
 .text.lcd_home
                0x00000000        0x6 lcd.o
 .text.lcd_putc
                0x00000000       0x24 lcd.o
 .text.lcd_puts
                0x00000000       0x1e lcd.o
 .text.lcd_puts_p
                0x00000000       0x22 lcd.o
 .text.lcd_init
                0x00000000       0x5e lcd.o
 .debug_info    0x00000000      0x77e lcd.o
 .debug_abbrev  0x00000000      0x28d lcd.o
 .debug_loc     0x00000000      0x49f lcd.o
 .debug_aranges
                0x00000000       0x88 lcd.o
 .debug_ranges  0x00000000       0x90 lcd.o
 .debug_line    0x00000000      0x2b2 lcd.o
 .debug_str     0x00000000      0x292 lcd.o
 .comment       0x00000000       0x31 lcd.o
 .debug_frame   0x00000000      0x138 lcd.o
 .text          0x00000000        0x0 motor.o
 .data          0x00000000        0x0 motor.o
 .bss           0x00000000        0x0 motor.o
 .text          0x00000000        0x0 c:/program files (x86)/atmel/atmel toolchain/avr8 gcc/native/3.4.1061/avr8-gnu-toolchain/bin/../lib/gcc/avr/4.8.1/avr4\libgcc.a(_exit.o)
 .data          0x00000000        0x0 c:/program files (x86)/atmel/atmel toolchain/avr8 gcc/native/3.4.1061/avr8-gnu-toolchain/bin/../lib/gcc/avr/4.8.1/avr4\libgcc.a(_exit.o)
 .bss           0x00000000        0x0 c:/program files (x86)/atmel/atmel toolchain/avr8 gcc/native/3.4.1061/avr8-gnu-toolchain/bin/../lib/gcc/avr/4.8.1/avr4\libgcc.a(_exit.o)
 .text.libgcc.mul
                0x00000000        0x0 c:/program files (x86)/atmel/atmel toolchain/avr8 gcc/native/3.4.1061/avr8-gnu-toolchain/bin/../lib/gcc/avr/4.8.1/avr4\libgcc.a(_exit.o)
 .text.libgcc.div
                0x00000000        0x0 c:/program files (x86)/atmel/atmel toolchain/avr8 gcc/native/3.4.1061/avr8-gnu-toolchain/bin/../lib/gcc/avr/4.8.1/avr4\libgcc.a(_exit.o)
 .text.libgcc   0x00000000        0x0 c:/program files (x86)/atmel/atmel toolchain/avr8 gcc/native/3.4.1061/avr8-gnu-toolchain/bin/../lib/gcc/avr/4.8.1/avr4\libgcc.a(_exit.o)
 .text.libgcc.prologue
                0x00000000        0x0 c:/program files (x86)/atmel/atmel toolchain/avr8 gcc/native/3.4.1061/avr8-gnu-toolchain/bin/../lib/gcc/avr/4.8.1/avr4\libgcc.a(_exit.o)
 .text.libgcc.builtins
                0x00000000        0x0 c:/program files (x86)/atmel/atmel toolchain/avr8 gcc/native/3.4.1061/avr8-gnu-toolchain/bin/../lib/gcc/avr/4.8.1/avr4\libgcc.a(_exit.o)
 .text.libgcc.fmul
                0x00000000        0x0 c:/program files (x86)/atmel/atmel toolchain/avr8 gcc/native/3.4.1061/avr8-gnu-toolchain/bin/../lib/gcc/avr/4.8.1/avr4\libgcc.a(_exit.o)
 .text.libgcc.fixed
                0x00000000        0x0 c:/program files (x86)/atmel/atmel toolchain/avr8 gcc/native/3.4.1061/avr8-gnu-toolchain/bin/../lib/gcc/avr/4.8.1/avr4\libgcc.a(_exit.o)

Memory Configuration

Name             Origin             Length             Attributes
text             0x00000000         0x00002000         xr
data             0x00800060         0x0000ffa0         rw !x
eeprom           0x00810000         0x00010000         rw !x
fuse             0x00820000         0x00000400         rw !x
lock             0x00830000         0x00000400         rw !x
signature        0x00840000         0x00000400         rw !x
user_signatures  0x00850000         0x00000400         rw !x
*default*        0x00000000         0xffffffff

Linker script and memory map

LOAD c:/program files (x86)/atmel/atmel toolchain/avr8 gcc/native/3.4.1061/avr8-gnu-toolchain/bin/../lib/gcc/avr/4.8.1/../../../../avr/lib/avr4/crtm8.o
LOAD accelerometer.o
LOAD acc_wheel_chair.o
LOAD lcd.o
LOAD motor.o
START GROUP
LOAD c:/program files (x86)/atmel/atmel toolchain/avr8 gcc/native/3.4.1061/avr8-gnu-toolchain/bin/../lib/gcc/avr/4.8.1/../../../../avr/lib/avr4\libm.a
END GROUP
START GROUP
LOAD c:/program files (x86)/atmel/atmel toolchain/avr8 gcc/native/3.4.1061/avr8-gnu-toolchain/bin/../lib/gcc/avr/4.8.1/avr4\libgcc.a
LOAD c:/program files (x86)/atmel/atmel toolchain/avr8 gcc/native/3.4.1061/avr8-gnu-toolchain/bin/../lib/gcc/avr/4.8.1/../../../../avr/lib/avr4\libm.a
LOAD c:/program files (x86)/atmel/atmel toolchain/avr8 gcc/native/3.4.1061/avr8-gnu-toolchain/bin/../lib/gcc/avr/4.8.1/../../../../avr/lib/avr4\libc.a
END GROUP

.hash
 *(.hash)

.dynsym
 *(.dynsym)

.dynstr
 *(.dynstr)

.gnu.version
 *(.gnu.version)

.gnu.version_d
 *(.gnu.version_d)

.gnu.version_r
 *(.gnu.version_r)

.rel.init
 *(.rel.init)

.rela.init
 *(.rela.init)

.rel.text
 *(.rel.text)
 *(.rel.text.*)
 *(.rel.gnu.linkonce.t*)

.rela.text
 *(.rela.text)
 *(.rela.text.*)
 *(.rela.gnu.linkonce.t*)

.rel.fini
 *(.rel.fini)

.rela.fini
 *(.rela.fini)

.rel.rodata
 *(.rel.rodata)
 *(.rel.rodata.*)
 *(.rel.gnu.linkonce.r*)

.rela.rodata
 *(.rela.rodata)
 *(.rela.rodata.*)
 *(.rela.gnu.linkonce.r*)

.rel.data
 *(.rel.data)
 *(.rel.data.*)
 *(.rel.gnu.linkonce.d*)

.rela.data
 *(.rela.data)
 *(.rela.data.*)
 *(.rela.gnu.linkonce.d*)

.rel.ctors
 *(.rel.ctors)

.rela.ctors
 *(.rela.ctors)

.rel.dtors
 *(.rel.dtors)

.rela.dtors
 *(.rela.dtors)

.rel.got
 *(.rel.got)

.rela.got
 *(.rela.got)

.rel.bss
 *(.rel.bss)

.rela.bss
 *(.rela.bss)

.rel.plt
 *(.rel.plt)

.rela.plt
 *(.rela.plt)

.text           0x00000000      0x108
 *(.vectors)
 .vectors       0x00000000       0x26 c:/program files (x86)/atmel/atmel toolchain/avr8 gcc/native/3.4.1061/avr8-gnu-toolchain/bin/../lib/gcc/avr/4.8.1/../../../../avr/lib/avr4/crtm8.o
                0x00000000                __vector_default
                0x00000000                __vectors
 *(.vectors)
 *(.progmem.gcc*)
                0x00000026                . = ALIGN (0x2)
                0x00000026                __trampolines_start = .
 *(.trampolines)
 .trampolines   0x00000026        0x0 linker stubs
 *(.trampolines*)
                0x00000026                __trampolines_end = .
 *(.progmem*)
                0x00000026                . = ALIGN (0x2)
 *(.jumptables)
 *(.jumptables*)
 *(.lowtext)
 *(.lowtext*)
                0x00000026                __ctors_start = .
 *(.ctors)
                0x00000026                __ctors_end = .
                0x00000026                __dtors_start = .
 *(.dtors)
                0x00000026                __dtors_end = .
 SORT(*)(.ctors)
 SORT(*)(.dtors)
 *(.init0)
 .init0         0x00000026        0x0 c:/program files (x86)/atmel/atmel toolchain/avr8 gcc/native/3.4.1061/avr8-gnu-toolchain/bin/../lib/gcc/avr/4.8.1/../../../../avr/lib/avr4/crtm8.o
                0x00000026                __init
 *(.init0)
 *(.init1)
 *(.init1)
 *(.init2)
 .init2         0x00000026        0xc c:/program files (x86)/atmel/atmel toolchain/avr8 gcc/native/3.4.1061/avr8-gnu-toolchain/bin/../lib/gcc/avr/4.8.1/../../../../avr/lib/avr4/crtm8.o
 *(.init2)
 *(.init3)
 *(.init3)
 *(.init4)
 *(.init4)
 *(.init5)
 *(.init5)
 *(.init6)
 *(.init6)
 *(.init7)
 *(.init7)
 *(.init8)
 *(.init8)
 *(.init9)
 .init9         0x00000032        0x4 c:/program files (x86)/atmel/atmel toolchain/avr8 gcc/native/3.4.1061/avr8-gnu-toolchain/bin/../lib/gcc/avr/4.8.1/../../../../avr/lib/avr4/crtm8.o
 *(.init9)
 *(.text)
 .text          0x00000036        0x2 c:/program files (x86)/atmel/atmel toolchain/avr8 gcc/native/3.4.1061/avr8-gnu-toolchain/bin/../lib/gcc/avr/4.8.1/../../../../avr/lib/avr4/crtm8.o
                0x00000036                __vector_1
                0x00000036                __vector_12
                0x00000036                __bad_interrupt
                0x00000036                __vector_6
                0x00000036                __vector_3
                0x00000036                __vector_11
                0x00000036                __vector_13
                0x00000036                __vector_17
                0x00000036                __vector_7
                0x00000036                __vector_5
                0x00000036                __vector_4
                0x00000036                __vector_9
                0x00000036                __vector_2
                0x00000036                __vector_15
                0x00000036                __vector_8
                0x00000036                __vector_14
                0x00000036                __vector_10
                0x00000036                __vector_16
                0x00000036                __vector_18
                0x00000038                . = ALIGN (0x2)
 *(.text.*)
 .text.initAccelerometerPorts
                0x00000038        0xa accelerometer.o
                0x00000038                initAccelerometerPorts
 .text.readAdc  0x00000042       0x16 accelerometer.o
                0x00000042                readAdc
 .text.main     0x00000058       0x4e acc_wheel_chair.o
                0x00000058                main
 .text.initPWMPorts
                0x000000a6       0x2a motor.o
                0x000000a6                initPWMPorts
 .text.initControlPorts
                0x000000d0       0x12 motor.o
                0x000000d0                initControlPorts
 .text.enableMotor
                0x000000e2        0x8 motor.o
                0x000000e2                enableMotor
 .text.disableMotor
                0x000000ea        0x6 motor.o
                0x000000ea                disableMotor
 .text.staySteady
                0x000000f0        0x4 motor.o
                0x000000f0                staySteady
 .text.turnLeft
                0x000000f4        0x6 motor.o
                0x000000f4                turnLeft
 .text.turnRight
                0x000000fa        0x6 motor.o
                0x000000fa                turnRight
 .text.goAhead  0x00000100        0x4 motor.o
                0x00000100                goAhead
                0x00000104                . = ALIGN (0x2)
 *(.fini9)
 .fini9         0x00000104        0x0 c:/program files (x86)/atmel/atmel toolchain/avr8 gcc/native/3.4.1061/avr8-gnu-toolchain/bin/../lib/gcc/avr/4.8.1/avr4\libgcc.a(_exit.o)
                0x00000104                _exit
                0x00000104                exit
 *(.fini9)
 *(.fini8)
 *(.fini8)
 *(.fini7)
 *(.fini7)
 *(.fini6)
 *(.fini6)
 *(.fini5)
 *(.fini5)
 *(.fini4)
 *(.fini4)
 *(.fini3)
 *(.fini3)
 *(.fini2)
 *(.fini2)
 *(.fini1)
 *(.fini1)
 *(.fini0)
 .fini0         0x00000104        0x4 c:/program files (x86)/atmel/atmel toolchain/avr8 gcc/native/3.4.1061/avr8-gnu-toolchain/bin/../lib/gcc/avr/4.8.1/avr4\libgcc.a(_exit.o)
 *(.fini0)
                0x00000108                _etext = .

.data           0x00800060        0x0 load address 0x00000108
                0x00800060                PROVIDE (__data_start, .)
 *(.data)
 *(.data*)
 *(.rodata)
 *(.rodata*)
 *(.gnu.linkonce.d*)
                0x00800060                . = ALIGN (0x2)
                0x00800060                _edata = .
                0x00800060                PROVIDE (__data_end, .)

.bss            0x00800060        0x0
                0x00800060                PROVIDE (__bss_start, .)
 *(.bss)
 *(.bss*)
 *(COMMON)
                0x00800060                PROVIDE (__bss_end, .)
                0x00000108                __data_load_start = LOADADDR (.data)
                0x00000108                __data_load_end = (__data_load_start + SIZEOF (.data))

.noinit         0x00800060        0x0
                0x00800060                PROVIDE (__noinit_start, .)
 *(.noinit*)
                0x00800060                PROVIDE (__noinit_end, .)
                0x00800060                _end = .
                0x00800060                PROVIDE (__heap_start, .)

.eeprom         0x00810000        0x0
 *(.eeprom*)
                0x00810000                __eeprom_end = .

.fuse
 *(.fuse)
 *(.lfuse)
 *(.hfuse)
 *(.efuse)

.lock
 *(.lock*)

.signature
 *(.signature*)

.user_signatures
 *(.user_signatures*)

.stab
 *(.stab)

.stabstr
 *(.stabstr)

.stab.excl
 *(.stab.excl)

.stab.exclstr
 *(.stab.exclstr)

.stab.index
 *(.stab.index)

.stab.indexstr
 *(.stab.indexstr)

.comment        0x00000000       0x30
 *(.comment)
 .comment       0x00000000       0x30 accelerometer.o
                                 0x31 (size before relaxing)
 .comment       0x00000000       0x31 acc_wheel_chair.o
 .comment       0x00000000       0x31 motor.o

.note.gnu.build-id
 *(.note.gnu.build-id)

.debug
 *(.debug)

.line
 *(.line)

.debug_srcinfo
 *(.debug_srcinfo)

.debug_sfnames
 *(.debug_sfnames)

.debug_aranges  0x00000000       0xa0
 *(.debug_aranges)
 .debug_aranges
                0x00000000       0x28 accelerometer.o
 .debug_aranges
                0x00000028       0x20 acc_wheel_chair.o
 .debug_aranges
                0x00000048       0x58 motor.o

.debug_pubnames
 *(.debug_pubnames)

.debug_info     0x00000000      0x42f
 *(.debug_info .gnu.linkonce.wi.*)
 .debug_info    0x00000000       0xb6 accelerometer.o
 .debug_info    0x000000b6      0x241 acc_wheel_chair.o
 .debug_info    0x000002f7      0x138 motor.o

.debug_abbrev   0x00000000      0x256
 *(.debug_abbrev)
 .debug_abbrev  0x00000000       0x78 accelerometer.o
 .debug_abbrev  0x00000078      0x156 acc_wheel_chair.o
 .debug_abbrev  0x000001ce       0x88 motor.o

.debug_line     0x00000000      0x352
 *(.debug_line .debug_line.* .debug_line_end)
 .debug_line    0x00000000       0xca accelerometer.o
 .debug_line    0x000000ca      0x160 acc_wheel_chair.o
 .debug_line    0x0000022a      0x128 motor.o

.debug_frame    0x00000000       0xec
 *(.debug_frame)
 .debug_frame   0x00000000       0x34 accelerometer.o
 .debug_frame   0x00000034       0x24 acc_wheel_chair.o
 .debug_frame   0x00000058       0x94 motor.o

.debug_str      0x00000000      0x22d
 *(.debug_str)
 .debug_str     0x00000000      0x15c accelerometer.o
                                0x190 (size before relaxing)
 .debug_str     0x0000015c       0xab acc_wheel_chair.o
                                0x226 (size before relaxing)
 .debug_str     0x00000207       0x26 motor.o
                                0x1c6 (size before relaxing)

.debug_loc      0x00000000       0x65
 *(.debug_loc)
 .debug_loc     0x00000000       0x3d accelerometer.o
 .debug_loc     0x0000003d       0x28 acc_wheel_chair.o

.debug_macinfo
 *(.debug_macinfo)

.debug_weaknames
 *(.debug_weaknames)

.debug_funcnames
 *(.debug_funcnames)

.debug_typenames
 *(.debug_typenames)

.debug_varnames
 *(.debug_varnames)

.debug_pubtypes
 *(.debug_pubtypes)

.debug_ranges   0x00000000       0x70
 *(.debug_ranges)
 .debug_ranges  0x00000000       0x18 accelerometer.o
 .debug_ranges  0x00000018       0x10 acc_wheel_chair.o
 .debug_ranges  0x00000028       0x48 motor.o

.debug_macro
 *(.debug_macro)
OUTPUT(acc_wheel_chair.elf elf32-avr)
LOAD linker stubs
